// Jest Snapshot v1, https://goo.gl/fbAQLP

exports[`first email should render correctly 1`] = `
"<!DOCTYPE html>
<html>

<head>
  <title>Read Receipt</title>
</head>

<body>
<p>Hey ðŸ‘‹</p><p>You received this email because your email address was entered into the tool<!-- --> <a target=\\"_blank\\" rel=\\"noreferrer noopener\\" href=\\"https://wherever.this.is.hosted\\">Read Receipt</a> <!-- -->created by<!-- --> <a target=\\"_blank\\" rel=\\"noreferrer noopener\\" href=\\"https://tobysmith.uk\\">Toby Smith</a>.</p><p>This email contains a &#x27;tracking pixel&#x27;; a tiny invisible image. When you opened this email, the image loaded and gave away not only that you opened this email, but also some personal information about you and your device.</p><p>Some email providers are able to block these pixels, but assuming that it was successful, opening this email will trigger another email to be sent to you. This second email, which you should have already received by now, contains all of the information I was able to gather from you opening this email.</p><p>This tool stores <b>none</b> of your personal information. It&#x27;s totally stateless with no cookies, databases, logs, or anything else! You can check the source code<!-- --> <a target=\\"_blank\\" rel=\\"noreferrer noopener\\" href=\\"https://github.com/tobysmith568/Read-Receipt\\">on GitHub</a>.</p><p>If you have any questions, you can reach out to me at<!-- --> <a href=\\"mailto:tobysmith568@hotmail.co.uk\\">tobysmith568@hotmail.co.uk</a> or find me at<!-- --> <a href=\\"https://tobysmith.uk\\">https://tobysmith.uk</a>.</p><p>Thanks!</p><img src=\\"https://wherever.this.is.hosted/api/open/this.is.a.url.safe.email.address%40mail.com/1234567890\\"/>
</body>

</html>"
`;
